delta-sat with delta = 0.001
z : [1, 1]
(model
  (define-fun z () Real 1)
)
