delta-sat with delta = 0.001
(
	(x [1.98075, 1.98175])
	(y [0.1995, 0.2005])
	(z [-2.5755, -2.5745])
	((+ x y) [2.18025, 2.18225])
	(b1 true)
	(b2 false)
	(b3 true)
)
