delta-sat with delta = 0.001
unsat
delta-sat with delta = 0.001
